\BOOKMARK [0][]{chapter*.2}{\376\377\000A\000b\000s\000t\000r\000a\000c\000t}{}% 1
\BOOKMARK [0][]{chapter*.3}{\376\377\000A\000c\000k\000n\000o\000w\000l\000e\000d\000g\000e\000m\000e\000n\000t\000s}{}% 2
\BOOKMARK [0][]{chapter.1}{\376\377\0001\000\040\000I\000n\000t\000r\000o\000d\000u\000c\000t\000i\000o\000n}{}% 3
\BOOKMARK [1][]{section.1.1}{\376\377\0001\000.\0001\000\040\000B\000a\000c\000k\000g\000r\000o\000u\000n\000d}{chapter.1}% 4
\BOOKMARK [2][]{subsection.1.1.1}{\376\377\0001\000.\0001\000.\0001\000\040\000L\000i\000m\000i\000t\000a\000t\000i\000o\000n\000s\000\040\000o\000f\000\040\000S\000i\000n\000g\000l\000e\000-\000M\000o\000d\000e\000l\000\040\000a\000n\000d\000\040\000N\000a\000i\000v\000e\000-\000E\000n\000s\000e\000m\000b\000l\000e\000\040\000A\000S\000R}{section.1.1}% 5
\BOOKMARK [1][]{section.1.2}{\376\377\0001\000.\0002\000\040\000P\000r\000o\000b\000l\000e\000m\000\040\000S\000t\000a\000t\000e\000m\000e\000n\000t}{chapter.1}% 6
\BOOKMARK [2][]{subsection.1.2.1}{\376\377\0001\000.\0002\000.\0001\000\040\000R\000e\000s\000e\000a\000r\000c\000h\000\040\000H\000y\000p\000o\000t\000h\000e\000s\000i\000s}{section.1.2}% 7
\BOOKMARK [1][]{section.1.3}{\376\377\0001\000.\0003\000\040\000P\000r\000o\000p\000o\000s\000e\000d\000\040\000S\000o\000l\000u\000t\000i\000o\000n\000:\000\040\000E\000v\000o\000l\000u\000t\000i\000o\000n\000\040\000o\000f\000\040\000t\000h\000e\000\040\000C\000O\000R\000A\000L\000\040\000F\000r\000a\000m\000e\000w\000o\000r\000k}{chapter.1}% 8
\BOOKMARK [2][]{subsection.1.3.1}{\376\377\0001\000.\0003\000.\0001\000\040\000I\000t\000e\000r\000a\000t\000i\000o\000n\000\040\0001\000\040\000F\000r\000a\000m\000i\000n\000g\000\040\000\050\000F\000Y\000P\000-\0001\000\051\000:\000\040\000`\000`\000G\000e\000n\000e\000r\000a\000t\000e\000-\000a\000n\000d\000-\000R\000e\000f\000i\000n\000e\000'\000'}{section.1.3}% 9
\BOOKMARK [2][]{subsection.1.3.2}{\376\377\0001\000.\0003\000.\0002\000\040\000I\000t\000e\000r\000a\000t\000i\000o\000n\000\040\0002\000\040\000R\000e\000f\000r\000a\000m\000i\000n\000g\000\040\000\050\000F\000Y\000P\000-\0002\000\051\000:\000\040\000A\000\040\000F\000i\000v\000e\000-\000S\000t\000a\000g\000e\000\040\000P\000o\000s\000t\000-\000P\000r\000o\000c\000e\000s\000s\000i\000n\000g\000\040\000P\000i\000p\000e\000l\000i\000n\000e}{section.1.3}% 10
\BOOKMARK [2][]{subsection.1.3.3}{\376\377\0001\000.\0003\000.\0003\000\040\000C\000o\000m\000p\000o\000n\000e\000n\000t\000s\000\040\000D\000r\000o\000p\000p\000e\000d\000\040\000f\000r\000o\000m\000\040\000t\000h\000e\000\040\000F\000Y\000P\000-\0001\000\040\000D\000e\000s\000i\000g\000n}{section.1.3}% 11
\BOOKMARK [2][]{subsection.1.3.4}{\376\377\0001\000.\0003\000.\0004\000\040\000F\000i\000n\000a\000l\000\040\000A\000r\000c\000h\000i\000t\000e\000c\000t\000u\000r\000e\000\040\000a\000t\000\040\000a\000\040\000G\000l\000a\000n\000c\000e}{section.1.3}% 12
\BOOKMARK [1][]{section.1.4}{\376\377\0001\000.\0004\000\040\000P\000r\000o\000j\000e\000c\000t\000\040\000O\000b\000j\000e\000c\000t\000i\000v\000e\000s\000\040\000a\000n\000d\000\040\000S\000c\000o\000p\000e}{chapter.1}% 13
\BOOKMARK [2][]{subsection.1.4.1}{\376\377\0001\000.\0004\000.\0001\000\040\000D\000e\000l\000i\000v\000e\000r\000a\000b\000l\000e\000s}{section.1.4}% 14
\BOOKMARK [1][]{section.1.5}{\376\377\0001\000.\0005\000\040\000S\000o\000f\000t\000w\000a\000r\000e\000\040\000R\000e\000q\000u\000i\000r\000e\000m\000e\000n\000t\000s\000\040\000S\000p\000e\000c\000i\000f\000i\000c\000a\000t\000i\000o\000n}{chapter.1}% 15
\BOOKMARK [2][]{subsection.1.5.1}{\376\377\0001\000.\0005\000.\0001\000\040\000F\000u\000n\000c\000t\000i\000o\000n\000a\000l\000\040\000R\000e\000q\000u\000i\000r\000e\000m\000e\000n\000t\000s}{section.1.5}% 16
\BOOKMARK [2][]{subsection.1.5.2}{\376\377\0001\000.\0005\000.\0002\000\040\000N\000o\000n\000-\000F\000u\000n\000c\000t\000i\000o\000n\000a\000l\000\040\000R\000e\000q\000u\000i\000r\000e\000m\000e\000n\000t\000s}{section.1.5}% 17
\BOOKMARK [1][]{section.1.6}{\376\377\0001\000.\0006\000\040\000R\000e\000p\000o\000r\000t\000\040\000O\000r\000g\000a\000n\000i\000s\000a\000t\000i\000o\000n}{chapter.1}% 18
\BOOKMARK [1][]{section.1.7}{\376\377\0001\000.\0007\000\040\000W\000o\000r\000k\000\040\000D\000i\000s\000t\000r\000i\000b\000u\000t\000i\000o\000n}{chapter.1}% 19
\BOOKMARK [1][]{section.1.8}{\376\377\0001\000.\0008\000\040\000S\000u\000m\000m\000a\000r\000y}{chapter.1}% 20
\BOOKMARK [0][]{chapter.2}{\376\377\0002\000\040\000L\000i\000t\000e\000r\000a\000t\000u\000r\000e\000\040\000R\000e\000v\000i\000e\000w}{}% 21
\BOOKMARK [1][]{section.2.1}{\376\377\0002\000.\0001\000\040\000R\000e\000l\000a\000t\000e\000d\000\040\000R\000e\000s\000e\000a\000r\000c\000h}{chapter.2}% 22
\BOOKMARK [2][]{subsection.2.1.1}{\376\377\0002\000.\0001\000.\0001\000\040\000M\000u\000l\000t\000i\000-\000A\000S\000R\000\040\000F\000u\000s\000i\000o\000n\000\040\000w\000i\000t\000h\000\040\000L\000L\000M\000-\000B\000a\000s\000e\000d\000\040\000P\000o\000s\000t\000-\000E\000d\000i\000t\000i\000n\000g}{section.2.1}% 23
\BOOKMARK [3][]{subsubsection.2.1.1.1}{\376\377\0002\000.\0001\000.\0001\000.\0001\000\040\000S\000u\000m\000m\000a\000r\000y}{subsection.2.1.1}% 24
\BOOKMARK [3][]{subsubsection.2.1.1.2}{\376\377\0002\000.\0001\000.\0001\000.\0002\000\040\000C\000r\000i\000t\000i\000c\000a\000l\000\040\000A\000n\000a\000l\000y\000s\000i\000s}{subsection.2.1.1}% 25
\BOOKMARK [3][]{subsubsection.2.1.1.3}{\376\377\0002\000.\0001\000.\0001\000.\0003\000\040\000R\000e\000l\000a\000t\000i\000o\000n\000s\000h\000i\000p\000\040\000t\000o\000\040\000C\000O\000R\000A\000L}{subsection.2.1.1}% 26
\BOOKMARK [2][]{subsection.2.1.2}{\376\377\0002\000.\0001\000.\0002\000\040\000C\000o\000m\000p\000r\000e\000h\000e\000n\000s\000i\000v\000e\000\040\000U\000r\000d\000u\000\040\000A\000S\000R\000\040\000B\000e\000n\000c\000h\000m\000a\000r\000k\000i\000n\000g}{section.2.1}% 27
\BOOKMARK [3][]{subsubsection.2.1.2.1}{\376\377\0002\000.\0001\000.\0002\000.\0001\000\040\000S\000u\000m\000m\000a\000r\000y}{subsection.2.1.2}% 28
\BOOKMARK [3][]{subsubsection.2.1.2.2}{\376\377\0002\000.\0001\000.\0002\000.\0002\000\040\000C\000r\000i\000t\000i\000c\000a\000l\000\040\000A\000n\000a\000l\000y\000s\000i\000s}{subsection.2.1.2}% 29
\BOOKMARK [3][]{subsubsection.2.1.2.3}{\376\377\0002\000.\0001\000.\0002\000.\0003\000\040\000R\000e\000l\000a\000t\000i\000o\000n\000s\000h\000i\000p\000\040\000t\000o\000\040\000C\000O\000R\000A\000L}{subsection.2.1.2}% 30
\BOOKMARK [2][]{subsection.2.1.3}{\376\377\0002\000.\0001\000.\0003\000\040\000R\000O\000V\000E\000R\000:\000\040\000R\000e\000c\000o\000g\000n\000i\000z\000e\000r\000\040\000O\000u\000t\000p\000u\000t\000\040\000V\000o\000t\000i\000n\000g\000\040\000E\000r\000r\000o\000r\000\040\000R\000e\000d\000u\000c\000t\000i\000o\000n}{section.2.1}% 31
\BOOKMARK [3][]{subsubsection.2.1.3.1}{\376\377\0002\000.\0001\000.\0003\000.\0001\000\040\000S\000u\000m\000m\000a\000r\000y}{subsection.2.1.3}% 32
\BOOKMARK [3][]{subsubsection.2.1.3.2}{\376\377\0002\000.\0001\000.\0003\000.\0002\000\040\000C\000r\000i\000t\000i\000c\000a\000l\000\040\000A\000n\000a\000l\000y\000s\000i\000s}{subsection.2.1.3}% 33
\BOOKMARK [3][]{subsubsection.2.1.3.3}{\376\377\0002\000.\0001\000.\0003\000.\0003\000\040\000R\000e\000l\000a\000t\000i\000o\000n\000s\000h\000i\000p\000\040\000t\000o\000\040\000C\000O\000R\000A\000L}{subsection.2.1.3}% 34
\BOOKMARK [2][]{subsection.2.1.4}{\376\377\0002\000.\0001\000.\0004\000\040\000H\000y\000b\000r\000i\000d\000-\000E\0002\000E\000\040\000A\000S\000R\000\040\000E\000n\000s\000e\000m\000b\000l\000e\000\040\000f\000o\000r\000\040\000L\000o\000w\000-\000R\000e\000s\000o\000u\000r\000c\000e\000\040\000I\000r\000i\000s\000h}{section.2.1}% 35
\BOOKMARK [3][]{subsubsection.2.1.4.1}{\376\377\0002\000.\0001\000.\0004\000.\0001\000\040\000S\000u\000m\000m\000a\000r\000y}{subsection.2.1.4}% 36
\BOOKMARK [3][]{subsubsection.2.1.4.2}{\376\377\0002\000.\0001\000.\0004\000.\0002\000\040\000C\000r\000i\000t\000i\000c\000a\000l\000\040\000A\000n\000a\000l\000y\000s\000i\000s}{subsection.2.1.4}% 37
\BOOKMARK [3][]{subsubsection.2.1.4.3}{\376\377\0002\000.\0001\000.\0004\000.\0003\000\040\000R\000e\000l\000a\000t\000i\000o\000n\000s\000h\000i\000p\000\040\000t\000o\000\040\000C\000O\000R\000A\000L}{subsection.2.1.4}% 38
\BOOKMARK [2][]{subsection.2.1.5}{\376\377\0002\000.\0001\000.\0005\000\040\000C\000o\000d\000e\000-\000M\000i\000x\000e\000d\000\040\000A\000S\000R\000\040\000f\000o\000r\000\040\000U\000r\000d\000u\040\023\000E\000n\000g\000l\000i\000s\000h}{section.2.1}% 39
\BOOKMARK [3][]{subsubsection.2.1.5.1}{\376\377\0002\000.\0001\000.\0005\000.\0001\000\040\000S\000u\000m\000m\000a\000r\000y}{subsection.2.1.5}% 40
\BOOKMARK [3][]{subsubsection.2.1.5.2}{\376\377\0002\000.\0001\000.\0005\000.\0002\000\040\000C\000r\000i\000t\000i\000c\000a\000l\000\040\000A\000n\000a\000l\000y\000s\000i\000s}{subsection.2.1.5}% 41
\BOOKMARK [3][]{subsubsection.2.1.5.3}{\376\377\0002\000.\0001\000.\0005\000.\0003\000\040\000R\000e\000l\000a\000t\000i\000o\000n\000s\000h\000i\000p\000\040\000t\000o\000\040\000C\000O\000R\000A\000L}{subsection.2.1.5}% 42
\BOOKMARK [2][]{subsection.2.1.6}{\376\377\0002\000.\0001\000.\0006\000\040\000C\000o\000n\000f\000i\000d\000e\000n\000c\000e\000-\000B\000a\000s\000e\000d\000\040\000E\000n\000s\000e\000m\000b\000l\000e\000s\000\040\000f\000o\000r\000\040\000A\000S\000R}{section.2.1}% 43
\BOOKMARK [3][]{subsubsection.2.1.6.1}{\376\377\0002\000.\0001\000.\0006\000.\0001\000\040\000S\000u\000m\000m\000a\000r\000y}{subsection.2.1.6}% 44
\BOOKMARK [3][]{subsubsection.2.1.6.2}{\376\377\0002\000.\0001\000.\0006\000.\0002\000\040\000C\000r\000i\000t\000i\000c\000a\000l\000\040\000A\000n\000a\000l\000y\000s\000i\000s}{subsection.2.1.6}% 45
\BOOKMARK [3][]{subsubsection.2.1.6.3}{\376\377\0002\000.\0001\000.\0006\000.\0003\000\040\000R\000e\000l\000a\000t\000i\000o\000n\000s\000h\000i\000p\000\040\000t\000o\000\040\000C\000O\000R\000A\000L}{subsection.2.1.6}% 46
\BOOKMARK [2][]{subsection.2.1.7}{\376\377\0002\000.\0001\000.\0007\000\040\000N\000o\000v\000e\000l\000\040\000C\000o\000n\000f\000i\000d\000e\000n\000c\000e\000\040\000E\000s\000t\000i\000m\000a\000t\000i\000o\000n\000:\000\040\000T\000r\000u\000C\000L\000e\000S}{section.2.1}% 47
\BOOKMARK [3][]{subsubsection.2.1.7.1}{\376\377\0002\000.\0001\000.\0007\000.\0001\000\040\000S\000u\000m\000m\000a\000r\000y}{subsection.2.1.7}% 48
\BOOKMARK [3][]{subsubsection.2.1.7.2}{\376\377\0002\000.\0001\000.\0007\000.\0002\000\040\000C\000r\000i\000t\000i\000c\000a\000l\000\040\000A\000n\000a\000l\000y\000s\000i\000s}{subsection.2.1.7}% 49
\BOOKMARK [3][]{subsubsection.2.1.7.3}{\376\377\0002\000.\0001\000.\0007\000.\0003\000\040\000R\000e\000l\000a\000t\000i\000o\000n\000s\000h\000i\000p\000\040\000t\000o\000\040\000C\000O\000R\000A\000L}{subsection.2.1.7}% 50
\BOOKMARK [2][]{subsection.2.1.8}{\376\377\0002\000.\0001\000.\0008\000\040\000D\000o\000m\000a\000i\000n\000-\000S\000p\000e\000c\000i\000f\000i\000c\000\040\000L\000L\000M\000-\000B\000a\000s\000e\000d\000\040\000A\000S\000R\000\040\000C\000o\000r\000r\000e\000c\000t\000i\000o\000n}{section.2.1}% 51
\BOOKMARK [3][]{subsubsection.2.1.8.1}{\376\377\0002\000.\0001\000.\0008\000.\0001\000\040\000S\000u\000m\000m\000a\000r\000y}{subsection.2.1.8}% 52
\BOOKMARK [3][]{subsubsection.2.1.8.2}{\376\377\0002\000.\0001\000.\0008\000.\0002\000\040\000C\000r\000i\000t\000i\000c\000a\000l\000\040\000A\000n\000a\000l\000y\000s\000i\000s}{subsection.2.1.8}% 53
\BOOKMARK [3][]{subsubsection.2.1.8.3}{\376\377\0002\000.\0001\000.\0008\000.\0003\000\040\000R\000e\000l\000a\000t\000i\000o\000n\000s\000h\000i\000p\000\040\000t\000o\000\040\000C\000O\000R\000A\000L}{subsection.2.1.8}% 54
\BOOKMARK [2][]{subsection.2.1.9}{\376\377\0002\000.\0001\000.\0009\000\040\000N\000-\000B\000e\000s\000t\000\040\000L\000i\000s\000t\000\040\000E\000r\000r\000o\000r\000\040\000C\000o\000r\000r\000e\000c\000t\000i\000o\000n\000\040\000w\000i\000t\000h\000\040\000L\000L\000M\000s}{section.2.1}% 55
\BOOKMARK [3][]{subsubsection.2.1.9.1}{\376\377\0002\000.\0001\000.\0009\000.\0001\000\040\000S\000u\000m\000m\000a\000r\000y}{subsection.2.1.9}% 56
\BOOKMARK [3][]{subsubsection.2.1.9.2}{\376\377\0002\000.\0001\000.\0009\000.\0002\000\040\000C\000r\000i\000t\000i\000c\000a\000l\000\040\000A\000n\000a\000l\000y\000s\000i\000s}{subsection.2.1.9}% 57
\BOOKMARK [3][]{subsubsection.2.1.9.3}{\376\377\0002\000.\0001\000.\0009\000.\0003\000\040\000R\000e\000l\000a\000t\000i\000o\000n\000s\000h\000i\000p\000\040\000t\000o\000\040\000C\000O\000R\000A\000L}{subsection.2.1.9}% 58
\BOOKMARK [2][]{subsection.2.1.10}{\376\377\0002\000.\0001\000.\0001\0000\000\040\000D\000e\000l\000a\000y\000e\000d\000\040\000F\000u\000s\000i\000o\000n\000\040\000f\000o\000r\000\040\000L\000L\000M\000\040\000I\000n\000t\000e\000g\000r\000a\000t\000i\000o\000n\000\040\000i\000n\000\040\000A\000S\000R}{section.2.1}% 59
\BOOKMARK [3][]{subsubsection.2.1.10.1}{\376\377\0002\000.\0001\000.\0001\0000\000.\0001\000\040\000S\000u\000m\000m\000a\000r\000y}{subsection.2.1.10}% 60
\BOOKMARK [3][]{subsubsection.2.1.10.2}{\376\377\0002\000.\0001\000.\0001\0000\000.\0002\000\040\000C\000r\000i\000t\000i\000c\000a\000l\000\040\000A\000n\000a\000l\000y\000s\000i\000s}{subsection.2.1.10}% 61
\BOOKMARK [3][]{subsubsection.2.1.10.3}{\376\377\0002\000.\0001\000.\0001\0000\000.\0003\000\040\000R\000e\000l\000a\000t\000i\000o\000n\000s\000h\000i\000p\000\040\000t\000o\000\040\000C\000O\000R\000A\000L}{subsection.2.1.10}% 62
\BOOKMARK [2][]{subsection.2.1.11}{\376\377\0002\000.\0001\000.\0001\0001\000\040\000P\000a\000r\000a\000m\000e\000t\000e\000r\000-\000E\000f\000f\000i\000c\000i\000e\000n\000t\000\040\000E\000n\000s\000e\000m\000b\000l\000e\000\040\000f\000o\000r\000\040\000L\000o\000w\000-\000R\000e\000s\000o\000u\000r\000c\000e\000\040\000L\000a\000n\000g\000u\000a\000g\000e\000s}{section.2.1}% 63
\BOOKMARK [3][]{subsubsection.2.1.11.1}{\376\377\0002\000.\0001\000.\0001\0001\000.\0001\000\040\000S\000u\000m\000m\000a\000r\000y}{subsection.2.1.11}% 64
\BOOKMARK [3][]{subsubsection.2.1.11.2}{\376\377\0002\000.\0001\000.\0001\0001\000.\0002\000\040\000C\000r\000i\000t\000i\000c\000a\000l\000\040\000A\000n\000a\000l\000y\000s\000i\000s}{subsection.2.1.11}% 65
\BOOKMARK [3][]{subsubsection.2.1.11.3}{\376\377\0002\000.\0001\000.\0001\0001\000.\0003\000\040\000R\000e\000l\000a\000t\000i\000o\000n\000s\000h\000i\000p\000\040\000t\000o\000\040\000C\000O\000R\000A\000L}{subsection.2.1.11}% 66
\BOOKMARK [2][]{subsection.2.1.12}{\376\377\0002\000.\0001\000.\0001\0002\000\040\000M\000u\000l\000t\000i\000-\000M\000o\000d\000a\000l\000\040\000D\000a\000t\000a\000\040\000A\000u\000g\000m\000e\000n\000t\000a\000t\000i\000o\000n}{section.2.1}% 67
\BOOKMARK [3][]{subsubsection.2.1.12.1}{\376\377\0002\000.\0001\000.\0001\0002\000.\0001\000\040\000S\000u\000m\000m\000a\000r\000y}{subsection.2.1.12}% 68
\BOOKMARK [3][]{subsubsection.2.1.12.2}{\376\377\0002\000.\0001\000.\0001\0002\000.\0002\000\040\000C\000r\000i\000t\000i\000c\000a\000l\000\040\000A\000n\000a\000l\000y\000s\000i\000s}{subsection.2.1.12}% 69
\BOOKMARK [3][]{subsubsection.2.1.12.3}{\376\377\0002\000.\0001\000.\0001\0002\000.\0003\000\040\000R\000e\000l\000a\000t\000i\000o\000n\000s\000h\000i\000p\000\040\000t\000o\000\040\000C\000O\000R\000A\000L}{subsection.2.1.12}% 70
\BOOKMARK [2][]{subsection.2.1.13}{\376\377\0002\000.\0001\000.\0001\0003\000\040\000B\000K\000-\000T\000r\000e\000e\000s\000\040\000f\000o\000r\000\040\000F\000u\000z\000z\000y\000\040\000S\000t\000r\000i\000n\000g\000\040\000S\000e\000a\000r\000c\000h}{section.2.1}% 71
\BOOKMARK [3][]{subsubsection.2.1.13.1}{\376\377\0002\000.\0001\000.\0001\0003\000.\0001\000\040\000S\000u\000m\000m\000a\000r\000y}{subsection.2.1.13}% 72
\BOOKMARK [3][]{subsubsection.2.1.13.2}{\376\377\0002\000.\0001\000.\0001\0003\000.\0002\000\040\000C\000r\000i\000t\000i\000c\000a\000l\000\040\000A\000n\000a\000l\000y\000s\000i\000s}{subsection.2.1.13}% 73
\BOOKMARK [3][]{subsubsection.2.1.13.3}{\376\377\0002\000.\0001\000.\0001\0003\000.\0003\000\040\000R\000e\000l\000a\000t\000i\000o\000n\000s\000h\000i\000p\000\040\000t\000o\000\040\000C\000O\000R\000A\000L}{subsection.2.1.13}% 74
\BOOKMARK [2][]{subsection.2.1.14}{\376\377\0002\000.\0001\000.\0001\0004\000\040\000M\000u\000l\000t\000i\000-\000A\000S\000R\000\040\000+\000\040\000S\000p\000e\000e\000c\000h\000L\000L\000M\000\040\000\050\000C\000l\000o\000s\000e\000s\000t\000\040\000C\000o\000n\000c\000u\000r\000r\000e\000n\000t\000\040\000S\000y\000s\000t\000e\000m\000\051}{section.2.1}% 75
\BOOKMARK [3][]{subsubsection.2.1.14.1}{\376\377\0002\000.\0001\000.\0001\0004\000.\0001\000\040\000S\000u\000m\000m\000a\000r\000y}{subsection.2.1.14}% 76
\BOOKMARK [3][]{subsubsection.2.1.14.2}{\376\377\0002\000.\0001\000.\0001\0004\000.\0002\000\040\000C\000r\000i\000t\000i\000c\000a\000l\000\040\000A\000n\000a\000l\000y\000s\000i\000s}{subsection.2.1.14}% 77
\BOOKMARK [3][]{subsubsection.2.1.14.3}{\376\377\0002\000.\0001\000.\0001\0004\000.\0003\000\040\000R\000e\000l\000a\000t\000i\000o\000n\000s\000h\000i\000p\000\040\000t\000o\000\040\000C\000O\000R\000A\000L}{subsection.2.1.14}% 78
\BOOKMARK [1][]{section.2.2}{\376\377\0002\000.\0002\000\040\000A\000n\000a\000l\000y\000s\000i\000s\000\040\000S\000u\000m\000m\000a\000r\000y\000\040\000o\000f\000\040\000R\000e\000s\000e\000a\000r\000c\000h\000\040\000I\000t\000e\000m\000s}{chapter.2}% 79
\BOOKMARK [1][]{section.2.3}{\376\377\0002\000.\0003\000\040\000R\000e\000s\000e\000a\000r\000c\000h\000\040\000S\000c\000o\000p\000e\000\040\000a\000n\000d\000\040\000G\000a\000p\000s}{chapter.2}% 80
\BOOKMARK [1][]{section.2.4}{\376\377\0002\000.\0004\000\040\000T\000h\000e\000o\000r\000e\000t\000i\000c\000a\000l\000\040\000F\000o\000u\000n\000d\000a\000t\000i\000o\000n}{chapter.2}% 81
\BOOKMARK [2][]{subsection.2.4.1}{\376\377\0002\000.\0004\000.\0001\000\040\000E\000n\000s\000e\000m\000b\000l\000e\000\040\000L\000e\000a\000r\000n\000i\000n\000g\000\040\000T\000h\000e\000o\000r\000y}{section.2.4}% 82
\BOOKMARK [2][]{subsection.2.4.2}{\376\377\0002\000.\0004\000.\0002\000\040\000E\000d\000i\000t\000\040\000D\000i\000s\000t\000a\000n\000c\000e\000\040\000a\000n\000d\000\040\000t\000h\000e\000\040\000L\000e\000v\000e\000n\000s\000h\000t\000e\000i\000n\000\040\000M\000e\000t\000r\000i\000c}{section.2.4}% 83
\BOOKMARK [2][]{subsection.2.4.3}{\376\377\0002\000.\0004\000.\0003\000\040\000C\000o\000n\000f\000i\000d\000e\000n\000c\000e\000-\000B\000a\000s\000e\000d\000\040\000a\000n\000d\000\040\000C\000o\000n\000s\000e\000n\000s\000u\000s\000-\000B\000a\000s\000e\000d\000\040\000D\000e\000c\000i\000s\000i\000o\000n\000\040\000M\000a\000k\000i\000n\000g}{section.2.4}% 84
\BOOKMARK [1][]{section.2.5}{\376\377\0002\000.\0005\000\040\000S\000u\000m\000m\000a\000r\000y}{chapter.2}% 85
\BOOKMARK [0][]{chapter.3}{\376\377\0003\000\040\000P\000r\000o\000p\000o\000s\000e\000d\000\040\000A\000p\000p\000r\000o\000a\000c\000h}{}% 86
\BOOKMARK [1][]{section.3.1}{\376\377\0003\000.\0001\000\040\000F\000r\000o\000m\000\040\000t\000h\000e\000\040\000F\000Y\000P\000-\0001\000\040\000G\000e\000n\000e\000r\000a\000t\000e\000-\000a\000n\000d\000-\000R\000e\000f\000i\000n\000e\000\040\000C\000o\000n\000c\000e\000p\000t\000\040\000t\000o\000\040\000t\000h\000e\000\040\000D\000e\000p\000l\000o\000y\000e\000d\000\040\000P\000i\000p\000e\000l\000i\000n\000e}{chapter.3}% 87
\BOOKMARK [2][]{subsection.3.1.1}{\376\377\0003\000.\0001\000.\0001\000\040\000C\000o\000n\000c\000e\000p\000t\000u\000a\000l\000\040\000A\000r\000c\000h\000i\000t\000e\000c\000t\000u\000r\000e\000\040\000\050\000F\000Y\000P\000-\0001\000\051}{section.3.1}% 88
\BOOKMARK [2][]{subsection.3.1.2}{\376\377\0003\000.\0001\000.\0002\000\040\000D\000e\000p\000l\000o\000y\000e\000d\000\040\000F\000i\000v\000e\000-\000S\000t\000a\000g\000e\000\040\000P\000i\000p\000e\000l\000i\000n\000e\000\040\000\050\000F\000Y\000P\000-\0002\000\051}{section.3.1}% 89
\BOOKMARK [1][]{section.3.2}{\376\377\0003\000.\0002\000\040\000S\000t\000a\000g\000e\000\040\0000\000\040\040\023\000\040\000U\000r\000d\000u\000\040\000T\000e\000x\000t\000\040\000N\000o\000r\000m\000a\000l\000i\000s\000a\000t\000i\000o\000n}{chapter.3}% 90
\BOOKMARK [2][]{subsection.3.2.1}{\376\377\0003\000.\0002\000.\0001\000\040\000A\000l\000g\000o\000r\000i\000t\000h\000m}{section.3.2}% 91
\BOOKMARK [1][]{section.3.3}{\376\377\0003\000.\0003\000\040\000S\000t\000a\000g\000e\000\040\0001\000\040\040\023\000\040\000W\000e\000i\000g\000h\000t\000e\000d\000\040\000S\000p\000l\000i\000t\000-\000M\000e\000r\000g\000e\000-\000A\000w\000a\000r\000e\000\040\000A\000l\000i\000g\000n\000m\000e\000n\000t}{chapter.3}% 92
\BOOKMARK [2][]{subsection.3.3.1}{\376\377\0003\000.\0003\000.\0001\000\040\000W\000o\000r\000d\000-\000L\000e\000v\000e\000l\000\040\000W\000e\000i\000g\000h\000t\000e\000d\000\040\000L\000e\000v\000e\000n\000s\000h\000t\000e\000i\000n\000\040\000A\000l\000i\000g\000n\000m\000e\000n\000t}{section.3.3}% 93
\BOOKMARK [2][]{subsection.3.3.2}{\376\377\0003\000.\0003\000.\0002\000\040\000C\000h\000a\000r\000a\000c\000t\000e\000r\000-\000L\000e\000v\000e\000l\000\040\000S\000p\000l\000i\000t\000-\000M\000e\000r\000g\000e\000\040\000C\000l\000a\000s\000s\000i\000f\000i\000c\000a\000t\000i\000o\000n}{section.3.3}% 94
\BOOKMARK [2][]{subsection.3.3.3}{\376\377\0003\000.\0003\000.\0003\000\040\000C\000o\000m\000b\000i\000n\000e\000d\000\040\000a\000s\000r\000\137\000a\000l\000i\000g\000n\000e\000r\000\040\000R\000o\000u\000t\000i\000n\000e}{section.3.3}% 95
\BOOKMARK [1][]{section.3.4}{\376\377\0003\000.\0004\000\040\000S\000t\000a\000g\000e\000\040\0002\000\040\040\023\000\040\000O\000O\000V\000\040\000D\000e\000t\000e\000c\000t\000i\000o\000n\000\040\000a\000n\000d\000\040\000C\000a\000n\000d\000i\000d\000a\000t\000e\000\040\000R\000a\000n\000k\000i\000n\000g}{chapter.3}% 96
\BOOKMARK [2][]{subsection.3.4.1}{\376\377\0003\000.\0004\000.\0001\000\040\000D\000e\000t\000e\000c\000t\000i\000o\000n\000\040\000C\000r\000i\000t\000e\000r\000i\000o\000n}{section.3.4}% 97
\BOOKMARK [2][]{subsection.3.4.2}{\376\377\0003\000.\0004\000.\0002\000\040\000B\000K\000-\000T\000r\000e\000e\000\040\000C\000o\000n\000s\000t\000r\000u\000c\000t\000i\000o\000n}{section.3.4}% 98
\BOOKMARK [2][]{subsection.3.4.3}{\376\377\0003\000.\0004\000.\0003\000\040\000C\000a\000n\000d\000i\000d\000a\000t\000e\000\040\000R\000e\000t\000r\000i\000e\000v\000a\000l\000\040\000a\000n\000d\000\040\000R\000a\000n\000k\000i\000n\000g}{section.3.4}% 99
\BOOKMARK [1][]{section.3.5}{\376\377\0003\000.\0005\000\040\000S\000t\000a\000g\000e\000\040\0003\000\040\040\023\000\040\000C\000o\000n\000s\000e\000n\000s\000u\000s\000\040\000V\000o\000t\000i\000n\000g\000\040\000a\000n\000d\000\040\000O\000O\000V\000\040\000S\000u\000b\000s\000t\000i\000t\000u\000t\000i\000o\000n}{chapter.3}% 100
\BOOKMARK [1][]{section.3.6}{\376\377\0003\000.\0006\000\040\000S\000t\000a\000g\000e\000\040\0004\000\040\040\023\000\040\000L\000L\000M\000\040\000R\000e\000f\000i\000n\000e\000m\000e\000n\000t}{chapter.3}% 101
\BOOKMARK [2][]{subsection.3.6.1}{\376\377\0003\000.\0006\000.\0001\000\040\000L\000L\000M\000\040\000P\000r\000o\000m\000p\000t\000\040\000D\000e\000s\000i\000g\000n}{section.3.6}% 102
\BOOKMARK [2][]{subsection.3.6.2}{\376\377\0003\000.\0006\000.\0002\000\040\000O\000u\000t\000p\000u\000t\000\040\000F\000o\000r\000m\000a\000t\000\040\000a\000n\000d\000\040\000H\000a\000l\000l\000u\000c\000i\000n\000a\000t\000i\000o\000n\000\040\000C\000o\000n\000t\000r\000o\000l}{section.3.6}% 103
\BOOKMARK [2][]{subsection.3.6.3}{\376\377\0003\000.\0006\000.\0003\000\040\000E\000m\000p\000i\000r\000i\000c\000a\000l\000\040\000E\000f\000f\000e\000c\000t\000\040\000o\000f\000\040\000S\000t\000a\000g\000e\000\040\0004}{section.3.6}% 104
\BOOKMARK [1][]{section.3.7}{\376\377\0003\000.\0007\000\040\000E\000n\000d\000-\000t\000o\000-\000E\000n\000d\000\040\000S\000y\000s\000t\000e\000m\000\040\000a\000n\000d\000\040\000M\000a\000t\000h\000e\000m\000a\000t\000i\000c\000a\000l\000\040\000M\000o\000d\000e\000l}{chapter.3}% 105
\BOOKMARK [1][]{section.3.8}{\376\377\0003\000.\0008\000\040\000W\000o\000r\000k\000e\000d\000\040\000E\000x\000a\000m\000p\000l\000e}{chapter.3}% 106
\BOOKMARK [1][]{section.3.9}{\376\377\0003\000.\0009\000\040\000S\000u\000m\000m\000a\000r\000y}{chapter.3}% 107
\BOOKMARK [0][]{chapter.4}{\376\377\0004\000\040\000I\000m\000p\000l\000e\000m\000e\000n\000t\000a\000t\000i\000o\000n\000,\000\040\000E\000v\000a\000l\000u\000a\000t\000i\000o\000n\000,\000\040\000a\000n\000d\000\040\000R\000e\000s\000u\000l\000t\000s}{}% 108
\BOOKMARK [1][]{section.4.1}{\376\377\0004\000.\0001\000\040\000I\000m\000p\000l\000e\000m\000e\000n\000t\000a\000t\000i\000o\000n}{chapter.4}% 109
\BOOKMARK [2][]{subsection.4.1.1}{\376\377\0004\000.\0001\000.\0001\000\040\000S\000y\000s\000t\000e\000m\000\040\000T\000o\000p\000o\000l\000o\000g\000y}{section.4.1}% 110
\BOOKMARK [2][]{subsection.4.1.2}{\376\377\0004\000.\0001\000.\0002\000\040\000T\000e\000c\000h\000n\000o\000l\000o\000g\000y\000\040\000S\000t\000a\000c\000k}{section.4.1}% 111
\BOOKMARK [2][]{subsection.4.1.3}{\376\377\0004\000.\0001\000.\0003\000\040\000R\000E\000S\000T\000\040\000A\000P\000I}{section.4.1}% 112
\BOOKMARK [2][]{subsection.4.1.4}{\376\377\0004\000.\0001\000.\0004\000\040\000M\000o\000d\000e\000l\000\040\000R\000e\000g\000i\000s\000t\000r\000y\000,\000\040\000H\000e\000a\000r\000t\000b\000e\000a\000t\000s\000,\000\040\000a\000n\000d\000\040\000F\000a\000n\000-\000o\000u\000t}{section.4.1}% 113
\BOOKMARK [2][]{subsection.4.1.5}{\376\377\0004\000.\0001\000.\0005\000\040\000B\000K\000-\000T\000r\000e\000e\000\040\000a\000n\000d\000\040\000N\000-\000g\000r\000a\000m\000\040\000D\000a\000t\000a\000\040\000B\000o\000o\000t\000s\000t\000r\000a\000p}{section.4.1}% 114
\BOOKMARK [2][]{subsection.4.1.6}{\376\377\0004\000.\0001\000.\0006\000\040\000F\000r\000o\000n\000t\000-\000E\000n\000d\000\040\000W\000o\000r\000k\000f\000l\000o\000w\000\040\000\050\000F\000o\000u\000r\000-\000P\000a\000s\000s\000\040\000U\000I\000\051}{section.4.1}% 115
\BOOKMARK [2][]{subsection.4.1.7}{\376\377\0004\000.\0001\000.\0007\000\040\000M\000e\000m\000o\000r\000y\000\040\000M\000a\000n\000a\000g\000e\000m\000e\000n\000t\000\040\000f\000o\000r\000\040\000M\000u\000l\000t\000i\000-\000M\000o\000d\000e\000l\000\040\000I\000n\000f\000e\000r\000e\000n\000c\000e}{section.4.1}% 116
\BOOKMARK [1][]{section.4.2}{\376\377\0004\000.\0002\000\040\000E\000v\000a\000l\000u\000a\000t\000i\000o\000n\000\040\000M\000e\000t\000h\000o\000d\000o\000l\000o\000g\000y}{chapter.4}% 117
\BOOKMARK [2][]{subsection.4.2.1}{\376\377\0004\000.\0002\000.\0001\000\040\000D\000a\000t\000a\000s\000e\000t\000s}{section.4.2}% 118
\BOOKMARK [2][]{subsection.4.2.2}{\376\377\0004\000.\0002\000.\0002\000\040\000A\000S\000R\000\040\000M\000o\000d\000e\000l\000s\000\040\000i\000n\000\040\000t\000h\000e\000\040\000F\000i\000n\000a\000l\000\040\000E\000n\000s\000e\000m\000b\000l\000e}{section.4.2}% 119
\BOOKMARK [2][]{subsection.4.2.3}{\376\377\0004\000.\0002\000.\0003\000\040\000E\000v\000a\000l\000u\000a\000t\000i\000o\000n\000\040\000M\000e\000t\000r\000i\000c\000s}{section.4.2}% 120
\BOOKMARK [1][]{section.4.3}{\376\377\0004\000.\0003\000\040\000I\000t\000e\000r\000a\000t\000i\000o\000n\000\040\0001\000\040\000B\000a\000s\000e\000l\000i\000n\000e\000\040\000R\000e\000s\000u\000l\000t\000s}{chapter.4}% 121
\BOOKMARK [2][]{subsection.4.3.1}{\376\377\0004\000.\0003\000.\0001\000\040\000P\000e\000r\000-\000M\000o\000d\000e\000l\000\040\000W\000E\000R\000\040\000B\000a\000s\000e\000l\000i\000n\000e\000s\000\040\000\050\0001\0000\000-\000U\000t\000t\000e\000r\000a\000n\000c\000e\000\040\000R\000e\000a\000d\000-\000S\000p\000e\000e\000c\000h\000\040\000T\000e\000s\000t\000\040\000S\000e\000t\000\051}{section.4.3}% 122
\BOOKMARK [2][]{subsection.4.3.2}{\376\377\0004\000.\0003\000.\0002\000\040\000C\000o\000n\000f\000i\000d\000e\000n\000c\000e\000\040\000C\000a\000l\000i\000b\000r\000a\000t\000i\000o\000n\000\040\000\050\000I\000t\000e\000r\000a\000t\000i\000o\000n\000\040\0001\000\051}{section.4.3}% 123
\BOOKMARK [2][]{subsection.4.3.3}{\376\377\0004\000.\0003\000.\0003\000\040\000I\000t\000e\000r\000a\000t\000i\000o\000n\000\040\0001\000\040\000S\000t\000a\000g\000e\000-\0002\000\040\000S\000y\000n\000t\000h\000e\000t\000i\000c\000\040\000E\000v\000a\000l\000u\000a\000t\000i\000o\000n\000\040\000S\000u\000m\000m\000a\000r\000y}{section.4.3}% 124
\BOOKMARK [2][]{subsection.4.3.4}{\376\377\0004\000.\0003\000.\0004\000\040\000F\000i\000n\000d\000i\000n\000g\000s\000\040\000T\000h\000a\000t\000\040\000D\000r\000o\000v\000e\000\040\000t\000h\000e\000\040\000F\000Y\000P\000-\0002\000\040\000R\000e\000d\000e\000s\000i\000g\000n}{section.4.3}% 125
\BOOKMARK [1][]{section.4.4}{\376\377\0004\000.\0004\000\040\000I\000t\000e\000r\000a\000t\000i\000o\000n\000\040\0002\000\040\000R\000e\000s\000u\000l\000t\000s\000:\000\040\000C\000o\000m\000m\000o\000n\000\040\000V\000o\000i\000c\000e\000\040\000U\000r\000d\000u\000\040\000\050\000R\000e\000a\000d\000\040\000S\000p\000e\000e\000c\000h\000\051}{chapter.4}% 126
\BOOKMARK [2][]{subsection.4.4.1}{\376\377\0004\000.\0004\000.\0001\000\040\000W\000E\000R\000\040\000A\000c\000r\000o\000s\000s\000\040\000P\000i\000p\000e\000l\000i\000n\000e\000\040\000S\000t\000a\000g\000e\000s\000\040\000a\000n\000d\000\040\000S\000o\000u\000r\000c\000e\000\040\000M\000o\000d\000e\000l\000s}{section.4.4}% 127
\BOOKMARK [2][]{subsection.4.4.2}{\376\377\0004\000.\0004\000.\0002\000\040\000C\000E\000R\000\040\000A\000c\000r\000o\000s\000s\000\040\000P\000i\000p\000e\000l\000i\000n\000e\000\040\000S\000t\000a\000g\000e\000s\000\040\000a\000n\000d\000\040\000S\000o\000u\000r\000c\000e\000\040\000M\000o\000d\000e\000l\000s}{section.4.4}% 128
\BOOKMARK [2][]{subsection.4.4.3}{\376\377\0004\000.\0004\000.\0003\000\040\000R\000e\000l\000a\000t\000i\000v\000e\000\040\000W\000E\000R\000\040\000R\000e\000d\000u\000c\000t\000i\000o\000n\000\040\000p\000e\000r\000\040\000S\000o\000u\000r\000c\000e\000\040\000M\000o\000d\000e\000l}{section.4.4}% 129
\BOOKMARK [2][]{subsection.4.4.4}{\376\377\0004\000.\0004\000.\0004\000\040\000P\000i\000p\000e\000l\000i\000n\000e\000\040\000P\000r\000o\000g\000r\000e\000s\000s\000i\000o\000n\000\040\000a\000n\000d\000\040\000W\000E\000R\040\023\000C\000E\000R\000\040\000T\000r\000a\000j\000e\000c\000t\000o\000r\000y}{section.4.4}% 130
\BOOKMARK [2][]{subsection.4.4.5}{\376\377\0004\000.\0004\000.\0005\000\040\000S\000p\000l\000i\000t\000-\000M\000e\000r\000g\000e\000\040\000A\000l\000i\000g\000n\000m\000e\000n\000t\000\040\000A\000n\000a\000l\000y\000s\000i\000s}{section.4.4}% 131
\BOOKMARK [2][]{subsection.4.4.6}{\376\377\0004\000.\0004\000.\0006\000\040\000T\000o\000k\000e\000n\000\040\000O\000v\000e\000r\000l\000a\000p\000\040\000A\000n\000a\000l\000y\000s\000i\000s}{section.4.4}% 132
\BOOKMARK [1][]{section.4.5}{\376\377\0004\000.\0005\000\040\000I\000t\000e\000r\000a\000t\000i\000o\000n\000\040\0002\000\040\000A\000b\000l\000a\000t\000i\000o\000n\000\040\000S\000t\000u\000d\000y\000\040\000\050\000C\000o\000n\000v\000e\000r\000s\000a\000t\000i\000o\000n\000a\000l\000\040\000U\000r\000d\000u\000\051}{chapter.4}% 133
\BOOKMARK [2][]{subsection.4.5.1}{\376\377\0004\000.\0005\000.\0001\000\040\000A\000b\000l\000a\000t\000i\000o\000n\000\040\000C\000o\000n\000f\000i\000g\000u\000r\000a\000t\000i\000o\000n\000s}{section.4.5}% 134
\BOOKMARK [2][]{subsection.4.5.2}{\376\377\0004\000.\0005\000.\0002\000\040\000M\000a\000i\000n\000\040\000A\000b\000l\000a\000t\000i\000o\000n\000\040\000R\000e\000s\000u\000l\000t\000s}{section.4.5}% 135
\BOOKMARK [2][]{subsection.4.5.3}{\376\377\0004\000.\0005\000.\0003\000\040\000C\000o\000m\000p\000o\000n\000e\000n\000t\000-\000L\000e\000v\000e\000l\000\040\000A\000n\000a\000l\000y\000s\000i\000s}{section.4.5}% 136
\BOOKMARK [2][]{subsection.4.5.4}{\376\377\0004\000.\0005\000.\0004\000\040\000E\000n\000s\000e\000m\000b\000l\000e\000\040\000S\000i\000z\000e\000\040\000S\000e\000n\000s\000i\000t\000i\000v\000i\000t\000y}{section.4.5}% 137
\BOOKMARK [2][]{subsection.4.5.5}{\376\377\0004\000.\0005\000.\0005\000\040\000O\000O\000V\000\040\000T\000h\000r\000e\000s\000h\000o\000l\000d\000\040\000S\000e\000n\000s\000i\000t\000i\000v\000i\000t\000y}{section.4.5}% 138
\BOOKMARK [2][]{subsection.4.5.6}{\376\377\0004\000.\0005\000.\0006\000\040\000R\000e\000s\000i\000d\000u\000a\000l\000\040\000E\000r\000r\000o\000r\000\040\000A\000n\000a\000l\000y\000s\000i\000s}{section.4.5}% 139
\BOOKMARK [2][]{subsection.4.5.7}{\376\377\0004\000.\0005\000.\0007\000\040\000C\000o\000m\000p\000a\000r\000i\000s\000o\000n\000\040\000w\000i\000t\000h\000\040\000B\000a\000s\000e\000l\000i\000n\000e\000s}{section.4.5}% 140
\BOOKMARK [1][]{section.4.6}{\376\377\0004\000.\0006\000\040\000C\000h\000a\000l\000l\000e\000n\000g\000e\000s\000\040\000a\000n\000d\000\040\000S\000o\000l\000u\000t\000i\000o\000n\000s}{chapter.4}% 141
\BOOKMARK [1][]{section.4.7}{\376\377\0004\000.\0007\000\040\000S\000u\000m\000m\000a\000r\000y}{chapter.4}% 142
\BOOKMARK [0][]{chapter.5}{\376\377\0005\000\040\000C\000o\000n\000c\000l\000u\000s\000i\000o\000n\000\040\000a\000n\000d\000\040\000F\000u\000t\000u\000r\000e\000\040\000W\000o\000r\000k}{}% 143
\BOOKMARK [1][]{section.5.1}{\376\377\0005\000.\0001\000\040\000C\000o\000n\000c\000l\000u\000s\000i\000o\000n}{chapter.5}% 144
\BOOKMARK [1][]{section.5.2}{\376\377\0005\000.\0002\000\040\000F\000u\000t\000u\000r\000e\000\040\000W\000o\000r\000k}{chapter.5}% 145
\BOOKMARK [0][]{appendix.A}{\376\377\000A\000\040\000U\000n\000i\000c\000o\000d\000e\000\040\000N\000o\000r\000m\000a\000l\000i\000s\000a\000t\000i\000o\000n\000\040\000M\000a\000p\000p\000i\000n\000g}{}% 146
\BOOKMARK [0][]{appendix.B}{\376\377\000B\000\040\000R\000E\000S\000T\000\040\000A\000P\000I\000\040\000S\000p\000e\000c\000i\000f\000i\000c\000a\000t\000i\000o\000n\000s}{}% 147
\BOOKMARK [1][]{section.B.1}{\376\377\000B\000.\0001\000\040\000P\000O\000S\000T\000\040\000/\000a\000l\000i\000g\000n}{appendix.B}% 148
\BOOKMARK [1][]{section.B.2}{\376\377\000B\000.\0002\000\040\000P\000O\000S\000T\000\040\000/\000o\000o\000v}{appendix.B}% 149
\BOOKMARK [1][]{section.B.3}{\376\377\000B\000.\0003\000\040\000P\000O\000S\000T\000\040\000/\000c\000o\000r\000r\000e\000c\000t}{appendix.B}% 150
\BOOKMARK [1][]{section.B.4}{\376\377\000B\000.\0004\000\040\000R\000e\000g\000i\000s\000t\000r\000y\000\040\000e\000n\000d\000p\000o\000i\000n\000t\000s}{appendix.B}% 151
\BOOKMARK [0][]{appendix.C}{\376\377\000C\000\040\000C\000O\000R\000A\000L\000\040\000S\000o\000u\000r\000c\000e\000\040\000F\000i\000l\000e\000\040\000I\000n\000v\000e\000n\000t\000o\000r\000y}{}% 152
\BOOKMARK [0][]{appendix*.48}{\376\377\000R\000e\000f\000e\000r\000e\000n\000c\000e\000s}{}% 153
